1
1014
108
11
1114
1135
1185
11998
12
12807
13
1387
1389
14
14523
14524
14526
1469
1475
1476
1481
15
1500
1516
1535
15651
1585
1588
1591
1592
1596
16
16008
16141
1626
1654
17
17428
177
17759
17760
178
179
18
180
1806
183
184
1849
185
186
187
188
18888
189
19
190
191
192
193
194
195
196
197
19781
19782
198
19853
199
19944
19945
19946
2
20
200
20434
20598
20963
21
21093
21094
2112
21414
21574
21621
21739
21740
21742
21743
21744
21746
21749
21750
21751
21752
2194
2198
2199
22
2200
2201
2202
2210
2215
2234
2235
2238
2239
2240
2255
2281
2294
2298
23
2308
2331
238
2385
2386
24
2406
2416
2421
2456
2457
2471
2537
2548
2565
2567
2584
2585
2586
2588
2594
2597
26
2601
2602
2605
2607
2609
2610
2611
2613
2620
2622
2644
27
2732
2742
2747
2777
278
279
28
2802
2803
2815
2820
2829
2830
2838
2846
2860
2880
2886
29
2913
2927
2928
2952
2955
2986
3
30
3015
3043
3072
3074
3075
3079
3085
3087
3119
3121
3147
3180
3238
33
331
34
35
3507
36
3639
3904
3919
4
409
4234
4237
4243
4250
43
44
45
46
47
479
48
49
4953
5
50
52
534
535
54
55
56
57
58
59
5986
6
60
63
64
645
65
650
651
66
67
68
69
7
71
72
73
74
75
7689
7699
77
79
8
80
81
82
848
850
855
86
871
873
88
880
882
889
89
90
900
9009
92
920
926
93
94
95
96
980
987
997
